------------------------------------------------------------
TimeQuest Timing Analyzer Summary
------------------------------------------------------------

Type  : Slow Model Setup 'CLOCK_50'
Slack : -2.837
TNS   : -60.570

Type  : Slow Model Setup 'Q'
Slack : -1.660
TNS   : -15.340

Type  : Slow Model Hold 'CLOCK_50'
Slack : -2.534
TNS   : -2.534

Type  : Slow Model Hold 'Q'
Slack : 0.391
TNS   : 0.000

Type  : Slow Model Minimum Pulse Width 'CLOCK_50'
Slack : -1.380
TNS   : -34.380

Type  : Slow Model Minimum Pulse Width 'Q'
Slack : -0.500
TNS   : -12.000

Type  : Fast Model Setup 'CLOCK_50'
Slack : -0.852
TNS   : -12.534

Type  : Fast Model Setup 'Q'
Slack : -0.219
TNS   : -1.323

Type  : Fast Model Hold 'CLOCK_50'
Slack : -1.575
TNS   : -1.575

Type  : Fast Model Hold 'Q'
Slack : 0.215
TNS   : 0.000

Type  : Fast Model Minimum Pulse Width 'CLOCK_50'
Slack : -1.380
TNS   : -34.380

Type  : Fast Model Minimum Pulse Width 'Q'
Slack : -0.500
TNS   : -12.000

------------------------------------------------------------
